Last login: Wed Oct  4 13:12:59 on ttys002
santhoshcharudatta@Santhoshs-MacBook-Air ~ % ls
Android Studio for Mac Library         Visual Code Studio
C#Project2.docx     Movies          construction-app
CS639_Assignment_1.docx Music           examples
Desktop         Pictures        github
Documents       Public          parallel
Downloads       ReactProject1-2.docx
santhoshcharudatta@Santhoshs-MacBook-Air ~ % mkdir Local
santhoshcharudatta@Santhoshs-MacBook-Air ~ % cd Local
santhoshcharudatta@Santhoshs-MacBook-Air Local % cd ..
santhoshcharudatta@Santhoshs-MacBook-Air ~ % cd github
santhoshcharudatta@Santhoshs-MacBook-Air github % ls
SampleApp
santhoshcharudatta@Santhoshs-MacBook-Air github % cd ..
santhoshcharudatta@Santhoshs-MacBook-Air ~ % cd Local
santhoshcharudatta@Santhoshs-MacBook-Air Local % git clone 
fatal: You must specify a repository to clone.
 
usage: git clone [<options>] [--] <repo> [<dir>]
 
    -v, --verbose         be more verbose
    -q, --quiet           be more quiet
    --progress            force progress reporting
    --reject-shallow      don't clone shallow repository
    -n, --no-checkout     don't create a checkout
    --bare                create a bare repository
    --mirror              create a mirror repository (implies bare)
    -l, --local           to clone from a local repository
    --no-hardlinks        don't use local hardlinks, always copy
    -s, --shared          setup as shared repository
    --recurse-submodules[=<pathspec>]
                          initialize submodules in the clone
    --recursive ...       alias of --recurse-submodules
    -j, --jobs <n>        number of submodules cloned in parallel
    --template <template-directory>
                          directory from which templates will be used
    --reference <repo>    reference repository
    --reference-if-able <repo>
                          reference repository
    --dissociate          use --reference only while cloning
    -o, --origin <name>   use <name> instead of 'origin' to track upstream
    -b, --branch <branch>
                          checkout <branch> instead of the remote's HEAD
    -u, --upload-pack <path>
                          path to git-upload-pack on the remote
    --depth <depth>       create a shallow clone of that depth
    --shallow-since <time>
                          create a shallow clone since a specific time
    --shallow-exclude <revision>
                          deepen history of shallow clone, excluding rev
    --single-branch       clone only one branch, HEAD or --branch
    --no-tags             don't clone any tags, and make later fetches not to follow them
    --shallow-submodules  any cloned submodules will be shallow
    --separate-git-dir <gitdir>
                          separate git dir from working tree
    -c, --config <key=value>
                          set config inside the new repository
    --server-option <server-specific>
                          option to transmit
    -4, --ipv4            use IPv4 addresses only
    -6, --ipv6            use IPv6 addresses only
    --filter <args>       object filtering
    --also-filter-submodules
                          apply partial clone filters to submodules
    --remote-submodules   any cloned submodules will use their remote-tracking branch
    --sparse              initialize sparse-checkout file to include only files at root
    --bundle-uri <uri>    a URI for downloading bundles before fetching from origin remote
 
santhoshcharudatta@Santhoshs-MacBook-Air Local % git clone https://github.com/santhosh62372n/Remote.git
Cloning into 'Remote'...
remote: Enumerating objects: 3, done.
remote: Counting objects: 100% (3/3), done.
remote: Total 3 (delta 0), reused 0 (delta 0), pack-reused 0
Receiving objects: 100% (3/3), done.
santhoshcharudatta@Santhoshs-MacBook-Air Local % cd Remote
santhoshcharudatta@Santhoshs-MacBook-Air Remote % git status
On branch main
Your branch is up to date with 'origin/main'.
 
nothing to commit, working tree clean
santhoshcharudatta@Santhoshs-MacBook-Air Remote % git add .
santhoshcharudatta@Santhoshs-MacBook-Air Remote % git commit -m "add index.html and correct README.md"
 
On branch main
Your branch is up to date with 'origin/main'.
 
nothing to commit, working tree clean
santhoshcharudatta@Santhoshs-MacBook-Air Remote % git remote
origin
santhoshcharudatta@Santhoshs-MacBook-Air Remote % git remote show origin
* remote origin
  Fetch URL: https://github.com/santhosh62372n/Remote.git
  Push  URL: https://github.com/santhosh62372n/Remote.git
  HEAD branch: main
  Remote branch:
    main tracked
  Local branch configured for 'git pull':
    main merges with remote main
  Local ref configured for 'git push':
    main pushes to main (up to date)
santhoshcharudatta@Santhoshs-MacBook-Air Remote % git push origin main
Username for 'https://github.com': st62372n
Password for 'https://st62372n@github.com': 
remote: Support for password authentication was removed on August 13, 2021.
remote: Please see https://docs.github.com/en/get-started/getting-started-with-git/about-remote-repositories#cloning-with-https-urls for information on currently recommended modes of authentication.
fatal: Authentication failed for 'https://github.com/santhosh62372n/Remote.git/'
santhoshcharudatta@Santhoshs-MacBook-Air Remote % git push origin main
Username for 'https://github.com': santhosh62372n
Password for 'https://santhosh62372n@github.com': 
remote: Support for password authentication was removed on August 13, 2021.
remote: Please see https://docs.github.com/en/get-started/getting-started-with-git/about-remote-repositories#cloning-with-https-urls for information on currently recommended modes of authentication.
fatal: Authentication failed for 'https://github.com/santhosh62372n/Remote.git/'
santhoshcharudatta@Santhoshs-MacBook-Air Remote % git push origin main
Username for 'https://github.com': st62372n@pace.edu
Password for 'https://st62372n@pace.edu@github.com': 
remote: Support for password authentication was removed on August 13, 2021.
remote: Please see https://docs.github.com/en/get-started/getting-started-with-git/about-remote-repositories#cloning-with-https-urls for information on currently recommended modes of authentication.
fatal: Authentication failed for 'https://github.com/santhosh62372n/Remote.git/'
santhoshcharudatta@Santhoshs-MacBook-Air Remote % git push origin main
Username for 'https://github.com': santhosh62372n
Password for 'https://santhosh62372n@github.com': 
remote: Support for password authentication was removed on August 13, 2021.
remote: Please see https://docs.github.com/en/get-started/getting-started-with-git/about-remote-repositories#cloning-with-https-urls for information on currently recommended modes of authentication.
fatal: Authentication failed for 'https://github.com/santhosh62372n/Remote.git/'
santhoshcharudatta@Santhoshs-MacBook-Air Remote % git config --global user.name santhosh62372n
santhoshcharudatta@Santhoshs-MacBook-Air Remote % pwd
/Users/santhoshcharudatta/Local/Remote
santhoshcharudatta@Santhoshs-MacBook-Air Remote % git push origin main
Username for 'https://github.com': santhosh62372n 
Password for 'https://santhosh62372n@github.com': 
remote: Support for password authentication was removed on August 13, 2021.
remote: Please see https://docs.github.com/en/get-started/getting-started-with-git/about-remote-repositories#cloning-with-https-urls for information on currently recommended modes of authentication.
fatal: Authentication failed for 'https://github.com/santhosh62372n/Remote.git/'
santhoshcharudatta@Santhoshs-MacBook-Air Remote % git config --global santhosh62372n       
error: key does not contain a section: santhosh62372n
santhoshcharudatta@Santhoshs-MacBook-Air Remote % git config --global santhosh 
error: key does not contain a section: santhosh
santhoshcharudatta@Santhoshs-MacBook-Air Remote % git config --global santhosh62372n
error: key does not contain a section: santhosh62372n
santhoshcharudatta@Santhoshs-MacBook-Air Remote % cd ..
santhoshcharudatta@Santhoshs-MacBook-Air Local % cd ..
santhoshcharudatta@Santhoshs-MacBook-Air ~ % cd ..
santhoshcharudatta@Santhoshs-MacBook-Air /Users % ls
Shared          santhoshcharudatta
santhoshcharudatta@Santhoshs-MacBook-Air /Users % cd santhoshcharudatta
santhoshcharudatta@Santhoshs-MacBook-Air ~ % git config -- global user.name santhosh62372n
fatal: not in a git directory
santhoshcharudatta@Santhoshs-MacBook-Air ~ % cd remote
cd: no such file or directory: remote
santhoshcharudatta@Santhoshs-MacBook-Air ~ % ls
Android Studio for Mac Library         ReactProject1-2.docx
C#Project2.docx     Local           Visual Code Studio
CS639_Assignment_1.docx Movies          construction-app
Desktop         Music           examples
Documents       Pictures        github
Downloads       Public          parallel
santhoshcharudatta@Santhoshs-MacBook-Air ~ % cd Local
santhoshcharudatta@Santhoshs-MacBook-Air Local % git config -- global user.name santhosh62372n
 
fatal: not in a git directory
santhoshcharudatta@Santhoshs-MacBook-Air Local % ls 
Remote
santhoshcharudatta@Santhoshs-MacBook-Air Local % cd Remote
santhoshcharudatta@Santhoshs-MacBook-Air Remote % git config -- global user.name santhosh62372n
 
error: key does not contain a section: global
santhoshcharudatta@Santhoshs-MacBook-Air Remote % git config --global user.name santhosh62372n 
 
santhoshcharudatta@Santhoshs-MacBook-Air Remote % git push origin main
Username for 'https://github.com': Santhosh62372n@pace.edu
Password for 'https://Santhosh62372n@pace.edu@github.com': 
remote: Support for password authentication was removed on August 13, 2021.
remote: Please see https://docs.github.com/en/get-started/getting-started-with-git/about-remote-repositories#cloning-with-https-urls for information on currently recommended modes of authentication.
fatal: Authentication failed for 'https://github.com/santhosh62372n/Remote.git/'
santhoshcharudatta@Santhoshs-MacBook-Air Remote % ls
README.md
santhoshcharudatta@Santhoshs-MacBook-Air Remote % git push origin main
Username for 'https://github.com': st62372n
Password for 'https://st62372n@github.com': 
remote: Support for password authentication was removed on August 13, 2021.
remote: Please see https://docs.github.com/en/get-started/getting-started-with-git/about-remote-repositories#cloning-with-https-urls for information on currently recommended modes of authentication.
fatal: Authentication failed for 'https://github.com/santhosh62372n/Remote.git/'
santhoshcharudatta@Santhoshs-MacBook-Air Remote % git push origin main
Username for 'https://github.com': st62372n
Password for 'https://st62372n@github.com': 
Everything up-to-date
santhoshcharudatta@Santhoshs-MacBook-Air Remote % ls                  
README.md
santhoshcharudatta@Santhoshs-MacBook-Air Remote % git add .
santhoshcharudatta@Santhoshs-MacBook-Air Remote % git commit –m "add index.html and correct README.md"
error: pathspec '–m' did not match any file(s) known to git
error: pathspec 'add index.html and correct README.md' did not match any file(s) known to git
santhoshcharudatta@Santhoshs-MacBook-Air Remote % ls 
README.md
santhoshcharudatta@Santhoshs-MacBook-Air Remote % git add .
santhoshcharudatta@Santhoshs-MacBook-Air Remote % git commit -m "add index.html and correct README.md"
On branch main
Your branch is up to date with 'origin/main'.
 
nothing to commit, working tree clean
santhoshcharudatta@Santhoshs-MacBook-Air Remote % git Remote
fatal: cannot handle Remote as a builtin
santhoshcharudatta@Santhoshs-MacBook-Air Remote % git remote
origin
santhoshcharudatta@Santhoshs-MacBook-Air Remote % git remote show origin
* remote origin
  Fetch URL: https://github.com/santhosh62372n/Remote.git
  Push  URL: https://github.com/santhosh62372n/Remote.git
  HEAD branch: main
  Remote branch:
    main tracked
  Local branch configured for 'git pull':
    main merges with remote main
  Local ref configured for 'git push':
    main pushes to main (up to date)
santhoshcharudatta@Santhoshs-MacBook-Air Remote % git push origin main
Everything up-to-date
santhoshcharudatta@Santhoshs-MacBook-Air Remote % ls
README.md
santhoshcharudatta@Santhoshs-MacBook-Air Remote % vi README.md
santhoshcharudatta@Santhoshs-MacBook-Air Remote % git status
On branch main
Your branch is up to date with 'origin/main'.
 
Changes not staged for commit:
  (use "git add <file>..." to update what will be committed)
  (use "git restore <file>..." to discard changes in working directory)
    modified:   README.md
 
no changes added to commit (use "git add" and/or "git commit -a")
santhoshcharudatta@Santhoshs-MacBook-Air Remote % touch index.html
 
santhoshcharudatta@Santhoshs-MacBook-Air Remote % ls
README.md   index.html
santhoshcharudatta@Santhoshs-MacBook-Air Remote % vi index.html
santhoshcharudatta@Santhoshs-MacBook-Air Remote % touch hello.html
santhoshcharudatta@Santhoshs-MacBook-Air Remote % vi README.md    
santhoshcharudatta@Santhoshs-MacBook-Air Remote % git status
On branch main
Your branch is up to date with 'origin/main'.
 
Changes not staged for commit:
  (use "git add <file>..." to update what will be committed)
  (use "git restore <file>..." to discard changes in working directory)
    modified:   README.md
 
Untracked files:
  (use "git add <file>..." to include in what will be committed)
    hello.html
    index.html
 
no changes added to commit (use "git add" and/or "git commit -a")
santhoshcharudatta@Santhoshs-MacBook-Air Remote % git commit –m "add index.html and correct README.md"
error: pathspec '–m' did not match any file(s) known to git
error: pathspec 'add index.html and correct README.md' did not match any file(s) known to git
santhoshcharudatta@Santhoshs-MacBook-Air Remote % git commit –m "add index.html and correct README.md"
error: pathspec '–m' did not match any file(s) known to git
error: pathspec 'add index.html and correct README.md' did not match any file(s) known to git
santhoshcharudatta@Santhoshs-MacBook-Air Remote % git commit -m "add index.html and correct README.md"
On branch main
Your branch is up to date with 'origin/main'.
 
Changes not staged for commit:
  (use "git add <file>..." to update what will be committed)
  (use "git restore <file>..." to discard changes in working directory)
    modified:   README.md
 
Untracked files:
  (use "git add <file>..." to include in what will be committed)
    hello.html
    index.html
 
no changes added to commit (use "git add" and/or "git commit -a")
santhoshcharudatta@Santhoshs-MacBook-Air Remote % git add .
santhoshcharudatta@Santhoshs-MacBook-Air Remote % git status
On branch main
Your branch is up to date with 'origin/main'.
 
Changes to be committed:
  (use "git restore --staged <file>..." to unstage)
    modified:   README.md
    new file:   hello.html
    new file:   index.html
 
santhoshcharudatta@Santhoshs-MacBook-Air Remote % git remote
origin
santhoshcharudatta@Santhoshs-MacBook-Air Remote % git remote show origin
* remote origin
  Fetch URL: https://github.com/santhosh62372n/Remote.git
  Push  URL: https://github.com/santhosh62372n/Remote.git
  HEAD branch: main
  Remote branch:
    main tracked
  Local branch configured for 'git pull':
    main merges with remote main
  Local ref configured for 'git push':
    main pushes to main (up to date)
santhoshcharudatta@Santhoshs-MacBook-Air Remote % git push origin main
Everything up-to-date
santhoshcharudatta@Santhoshs-MacBook-Air Remote % ls
README.md   hello.html  index.html
santhoshcharudatta@Santhoshs-MacBook-Air Remote % git remote -v
origin  https://github.com/santhosh62372n/Remote.git (fetch)
origin  https://github.com/santhosh62372n/Remote.git (push)
santhoshcharudatta@Santhoshs-MacBook-Air Remote % git push origin main
 
Everything up-to-date
santhoshcharudatta@Santhoshs-MacBook-Air Remote % git status                                          
On branch main
Your branch is up to date with 'origin/main'.
 
Changes to be committed:
  (use "git restore --staged <file>..." to unstage)
    modified:   README.md
    new file:   hello.html
    new file:   index.html
 
santhoshcharudatta@Santhoshs-MacBook-Air Remote % git commit -m "Update README.md and add hello.html and index.html"
 
[main a8726ed] Update README.md and add hello.html and index.html
 3 files changed, 4 insertions(+), 1 deletion(-)
 create mode 100644 hello.html
 create mode 100644 index.html
santhoshcharudatta@Santhoshs-MacBook-Air Remote % git push origin main                                              
 
Enumerating objects: 7, done.
Counting objects: 100% (7/7), done.
Delta compression using up to 8 threads
Compressing objects: 100% (2/2), done.
Writing objects: 100% (5/5), 417 bytes | 417.00 KiB/s, done.
Total 5 (delta 0), reused 0 (delta 0), pack-reused 0
To https://github.com/santhosh62372n/Remote.git
   46a1e2a..a8726ed  main -> main
santhoshcharudatta@Santhoshs-MacBook-Air Remote % git checkout –b develop]
error: pathspec '–b' did not match any file(s) known to git
error: pathspec 'develop]' did not match any file(s) known to git
santhoshcharudatta@Santhoshs-MacBook-Air Remote % git checkout -b develop]
Switched to a new branch 'develop]'
santhoshcharudatta@Santhoshs-MacBook-Air Remote % vi index.html
santhoshcharudatta@Santhoshs-MacBook-Air Remote % git add .
santhoshcharudatta@Santhoshs-MacBook-Air Remote % git status
On branch develop]
Changes to be committed:
  (use "git restore --staged <file>..." to unstage)
    modified:   index.html
 
santhoshcharudatta@Santhoshs-MacBook-Air Remote % git checkout main
M   index.html
Switched to branch 'main'
Your branch is up to date with 'origin/main'.
santhoshcharudatta@Santhoshs-MacBook-Air Remote % git diff HEAD
diff --git a/index.html b/index.html
index 8882da8..7182a8b 100644
--- a/index.html
+++ b/index.html
@@ -1 +1,3 @@
 scenario 2 done
+scenario 3 started
+
santhoshcharudatta@Santhoshs-MacBook-Air Remote % git checkout develop
error: pathspec 'develop' did not match any file(s) known to git
santhoshcharudatta@Santhoshs-MacBook-Air Remote % git checkout develop
error: pathspec 'develop' did not match any file(s) known to git
santhoshcharudatta@Santhoshs-MacBook-Air Remote % git checkout develop
error: pathspec 'develop' did not match any file(s) known to git
santhoshcharudatta@Santhoshs-MacBook-Air Remote % git checkout develop
error: pathspec 'develop' did not match any file(s) known to git
santhoshcharudatta@Santhoshs-MacBook-Air Remote % git checkout develop]
M   index.html
Switched to branch 'develop]'
santhoshcharudatta@Santhoshs-MacBook-Air Remote % git branch -m develop] develop
santhoshcharudatta@Santhoshs-MacBook-Air Remote % git branch
* develop
  main
santhoshcharudatta@Santhoshs-MacBook-Air Remote % git checkout develop
M   index.html
Already on 'develop'
santhoshcharudatta@Santhoshs-MacBook-Air Remote % git diff HEAD                 
diff --git a/index.html b/index.html
index 8882da8..7182a8b 100644
--- a/index.html
+++ b/index.html
@@ -1 +1,3 @@
 scenario 2 done
+scenario 3 started
+
santhoshcharudatta@Santhoshs-MacBook-Air Remote % git push origin develop
Total 0 (delta 0), reused 0 (delta 0), pack-reused 0
remote: 
remote: Create a pull request for 'develop' on GitHub by visiting:
remote:      https://github.com/santhosh62372n/Remote/pull/new/develop
remote: 
To https://github.com/santhosh62372n/Remote.git
 * [new branch]      develop -> develop
santhoshcharudatta@Santhoshs-MacBook-Air Remote % git pull
There is no tracking information for the current branch.
Please specify which branch you want to merge with.
See git-pull(1) for details.
 
    git pull <remote> <branch>
 
If you wish to set tracking information for this branch you can do so with:
 
    git branch --set-upstream-to=origin/<branch> develop
 
santhoshcharudatta@Santhoshs-MacBook-Air Remote % git branch             
* develop
  main
santhoshcharudatta@Santhoshs-MacBook-Air Remote % git status
On branch develop
Changes to be committed:
  (use "git restore --staged <file>..." to unstage)
    modified:   index.html
 
santhoshcharudatta@Santhoshs-MacBook-Air Remote % vi index.html
santhoshcharudatta@Santhoshs-MacBook-Air Remote % git status   
On branch develop
Changes to be committed:
  (use "git restore --staged <file>..." to unstage)
    modified:   index.html
 
Changes not staged for commit:
  (use "git add <file>..." to update what will be committed)
  (use "git restore <file>..." to discard changes in working directory)
    modified:   index.html
 
santhoshcharudatta@Santhoshs-MacBook-Air Remote % git add .
santhoshcharudatta@Santhoshs-MacBook-Air Remote % git checkout main             
M   index.html
Switched to branch 'main'
Your branch is up to date with 'origin/main'.
santhoshcharudatta@Santhoshs-MacBook-Air Remote % git diff HEAD          
diff --git a/index.html b/index.html
index 8882da8..9af7fa2 100644
--- a/index.html
+++ b/index.html
@@ -1 +1,4 @@
 scenario 2 done
+scenario 3 started
+hi
+
santhoshcharudatta@Santhoshs-MacBook-Air Remote % git diff HEAD          
diff --git a/index.html b/index.html
index 8882da8..9af7fa2 100644
--- a/index.html
+++ b/index.html
@@ -1 +1,4 @@
 scenario 2 done
+scenario 3 started
+hi
+
santhoshcharudatta@Santhoshs-MacBook-Air Remote % git checkout develop   
M   index.html
Switched to branch 'develop'
santhoshcharudatta@Santhoshs-MacBook-Air Remote % git diff HEAD       
diff --git a/index.html b/index.html
index 8882da8..9af7fa2 100644
--- a/index.html
+++ b/index.html
@@ -1 +1,4 @@
 scenario 2 done
+scenario 3 started
+hi
+
santhoshcharudatta@Santhoshs-MacBook-Air Remote % git push origin develop
Everything up-to-date
santhoshcharudatta@Santhoshs-MacBook-Air Remote % git pull
There is no tracking information for the current branch.
Please specify which branch you want to merge with.
See git-pull(1) for details.
 
    git pull <remote> <branch>
 
If you wish to set tracking information for this branch you can do so with:
 
    git branch --set-upstream-to=origin/<branch> develop
 
santhoshcharudatta@Santhoshs-MacBook-Air Remote % git checkout main
M   index.html
Switched to branch 'main'
Your branch is up to date with 'origin/main'.
santhoshcharudatta@Santhoshs-MacBook-Air Remote % git pull
Already up to date.
santhoshcharudatta@Santhoshs-MacBook-Air Remote % git checkout develop
M   index.html
Switched to branch 'develop'
santhoshcharudatta@Santhoshs-MacBook-Air Remote % vi index.html
santhoshcharudatta@Santhoshs-MacBook-Air Remote % git commit index.html -m "hii"
[develop 2e621c5] hii
 1 file changed, 4 insertions(+), 1 deletion(-)
santhoshcharudatta@Santhoshs-MacBook-Air Remote % git push origin develop
Enumerating objects: 5, done.
Counting objects: 100% (5/5), done.
Delta compression using up to 8 threads
Compressing objects: 100% (2/2), done.
Writing objects: 100% (3/3), 267 bytes | 267.00 KiB/s, done.
Total 3 (delta 1), reused 0 (delta 0), pack-reused 0
remote: Resolving deltas: 100% (1/1), completed with 1 local object.
To https://github.com/santhosh62372n/Remote.git
   a8726ed..2e621c5  develop -> develop
santhoshcharudatta@Santhoshs-MacBook-Air Remote % git log
commit 2e621c5ff3f46439b811a7b1bd2be2dbac32ac1c (HEAD -> develop, origin/develop)
Author: santhosh62372n <st62372n@pace.edu>
Date:   Sat Oct 7 11:09:29 2023 -0400
 
    hii
 
commit a8726ed50b7cf659d4d7e622432cb2837d337f7e (origin/main, origin/HEAD, main)
Author: santhosh62372n <st62372n@pace.edu>
Date:   Sat Oct 7 10:42:15 2023 -0400
 
    Update README.md and add hello.html and index.html
 
commit 46a1e2a3d924f78ece35fb6530570e359bf40cd3
Author: santhosh62372n <126991013+santhosh62372n@users.noreply.github.com>
Date:   Sat Oct 7 09:25:25 2023 -0400
 
    Initial commit
santhoshcharudatta@Santhoshs-MacBook-Air Remote % git branch
* develop
  main
santhoshcharudatta@Santhoshs-MacBook-Air Remote % git checkout develop
Already on 'develop'
santhoshcharudatta@Santhoshs-MacBook-Air Remote % git rm index.html
rm 'index.html'
santhoshcharudatta@Santhoshs-MacBook-Air Remote % git add .
santhoshcharudatta@Santhoshs-MacBook-Air Remote % git commit -m "delete index.html"
[develop 1de321c] delete index.html
 1 file changed, 4 deletions(-)
 delete mode 100644 index.html
santhoshcharudatta@Santhoshs-MacBook-Air Remote % git push origin develp
error: src refspec develp does not match any
error: failed to push some refs to 'https://github.com/santhosh62372n/Remote.git'
santhoshcharudatta@Santhoshs-MacBook-Air Remote % git push origin develop
Enumerating objects: 3, done.
Counting objects: 100% (3/3), done.
Delta compression using up to 8 threads
Compressing objects: 100% (2/2), done.
Writing objects: 100% (2/2), 220 bytes | 220.00 KiB/s, done.
Total 2 (delta 1), reused 0 (delta 0), pack-reused 0
remote: Resolving deltas: 100% (1/1), completed with 1 local object.
To https://github.com/santhosh62372n/Remote.git
   2e621c5..1de321c  develop -> develop
santhoshcharudatta@Santhoshs-MacBook-Air Remote % git checkout main
Switched to branch 'main'
Your branch is up to date with 'origin/main'.
santhoshcharudatta@Santhoshs-MacBook-Air Remote % git pull
remote: Enumerating objects: 2, done.
remote: Counting objects: 100% (2/2), done.
remote: Compressing objects: 100% (2/2), done.
remote: Total 2 (delta 0), reused 0 (delta 0), pack-reused 0
Unpacking objects: 100% (2/2), 1.21 KiB | 618.00 KiB/s, done.
From https://github.com/santhosh62372n/Remote
   a8726ed..678d0a8  main       -> origin/main
Updating a8726ed..678d0a8
Fast-forward
 index.html | 1 -
 1 file changed, 1 deletion(-)
 delete mode 100644 index.html
santhoshcharudatta@Santhoshs-MacBook-Air Remote % git diff HEAD
santhoshcharudatta@Santhoshs-MacBook-Air Remote % git checkout main
Already on 'main'
Your branch is up to date with 'origin/main'.
santhoshcharudatta@Santhoshs-MacBook-Air Remote % git diff HEAD    
santhoshcharudatta@Santhoshs-MacBook-Air Remote % git diff --staged 
santhoshcharudatta@Santhoshs-MacBook-Air Remote % git log  --online
fatal: unrecognized argument: --online
santhoshcharudatta@Santhoshs-MacBook-Air Remote % git log --online 
fatal: unrecognized argument: --online
santhoshcharudatta@Santhoshs-MacBook-Air Remote % git log --oneline
678d0a8 (HEAD -> main, origin/main, origin/HEAD) Merge pull request #2 from santhosh62372n/develop
1de321c (origin/develop, develop) delete index.html
9ec43cb Merge pull request #1 from santhosh62372n/develop
2e621c5 hii
a8726ed Update README.md and add hello.html and index.html
46a1e2a Initial commit
santhoshcharudatta@Santhoshs-MacBook-Air Remote % git log --oneline --graph --decorate --all
*   678d0a8 (HEAD -> main, origin/main, origin/HEAD) Merge pull request #2 from santhosh62372n/develop
|\  
| * 1de321c (origin/develop, develop) delete index.html
* | 9ec43cb Merge pull request #1 from santhosh62372n/develop
|\| 
| * 2e621c5 hii
|/  
* a8726ed Update README.md and add hello.html and index.html
* 46a1e2a Initial commit
santhoshcharudatta@Santhoshs-MacBook-Air Remote % which git
/usr/bin/git
santhoshcharudatta@Santhoshs-MacBook-Air Remote % git checkout main
Already on 'main'
Your branch is up to date with 'origin/main'.
santhoshcharudatta@Santhoshs-MacBook-Air Remote %          
 
